// Jest Snapshot v1, https://goo.gl/fbAQLP

exports[`Render Map <Map /> sould be render 1`] = `
<div
  id="map"
  style={
    Object {
      "height": "100%",
      "width": "100%",
    }
  }
/>
`;
