// Jest Snapshot v1, https://goo.gl/fbAQLP

exports[`Checked ReviewsList Render ReviewsList 1`] = `
Array [
  <h2
    className="reviews__title"
  >
    Reviews Â·
    <span
      className="reviews__amount"
    >
      3
    </span>
  </h2>,
  <ul
    className="reviews__list"
  >
    <li
      className="reviews__item"
    >
      <div
        className="reviews__user user"
      >
        <div
          className="reviews__avatar-wrapper user__avatar-wrapper"
        >
          <img
            alt="Reviews avatar"
            className="reviews__avatar user__avatar"
            height="54"
            src="img/avatar-angelina.jpg"
            width="54"
          />
        </div>
        <span
          className="reviews__user-name"
        >
          Angelina
        </span>
      </div>
      <div
        className="reviews__info"
      >
        <div
          className="reviews__rating rating"
        >
          <div
            className="reviews__stars rating__stars"
          >
            <span
              style={
                Object {
                  "width": "56%",
                }
              }
            />
            <span
              className="visually-hidden"
            >
              Rating
            </span>
          </div>
        </div>
        <p
          className="reviews__text"
        >
          123 3rfg432 54t4566 56457 5436er5 6456
        </p>
        <time
          className="reviews__time"
          dateTime="25-02-2020"
        >
          25-02-2020
        </time>
      </div>
    </li>
    <li
      className="reviews__item"
    >
      <div
        className="reviews__user user"
      >
        <div
          className="reviews__avatar-wrapper user__avatar-wrapper"
        >
          <img
            alt="Reviews avatar"
            className="reviews__avatar user__avatar"
            height="54"
            src="img/avatar-max.jpg"
            width="54"
          />
        </div>
        <span
          className="reviews__user-name"
        >
          Max
        </span>
      </div>
      <div
        className="reviews__info"
      >
        <div
          className="reviews__rating rating"
        >
          <div
            className="reviews__stars rating__stars"
          >
            <span
              style={
                Object {
                  "width": "96%",
                }
              }
            />
            <span
              className="visually-hidden"
            >
              Rating
            </span>
          </div>
        </div>
        <p
          className="reviews__text"
        >
          123 3rfg432 54t4566 56457 5436er5 6456
        </p>
        <time
          className="reviews__time"
          dateTime="27-02-2020"
        >
          27-02-2020
        </time>
      </div>
    </li>
    <li
      className="reviews__item"
    >
      <div
        className="reviews__user user"
      >
        <div
          className="reviews__avatar-wrapper user__avatar-wrapper"
        >
          <img
            alt="Reviews avatar"
            className="reviews__avatar user__avatar"
            height="54"
            src="img/avatar-angelina.jpg"
            width="54"
          />
        </div>
        <span
          className="reviews__user-name"
        >
          Angelina
        </span>
      </div>
      <div
        className="reviews__info"
      >
        <div
          className="reviews__rating rating"
        >
          <div
            className="reviews__stars rating__stars"
          >
            <span
              style={
                Object {
                  "width": "76%",
                }
              }
            />
            <span
              className="visually-hidden"
            >
              Rating
            </span>
          </div>
        </div>
        <p
          className="reviews__text"
        >
          123 3rfg432 54t4566 56457 5436er5 6456
        </p>
        <time
          className="reviews__time"
          dateTime="23-02-2020"
        >
          23-02-2020
        </time>
      </div>
    </li>
  </ul>,
]
`;
