// Jest Snapshot v1, https://goo.gl/fbAQLP

exports[`Checked OfferDetails Render OfferDetails 1`] = `
<li
  className="reviews__item"
>
  <div
    className="reviews__user user"
  >
    <div
      className="reviews__avatar-wrapper user__avatar-wrapper"
    >
      <img
        alt="Reviews avatar"
        className="reviews__avatar user__avatar"
        height="54"
        src="img/avatar-angelina.jpg"
        width="54"
      />
    </div>
    <span
      className="reviews__user-name"
    >
      Angelina
    </span>
  </div>
  <div
    className="reviews__info"
  >
    <div
      className="reviews__rating rating"
    >
      <div
        className="reviews__stars rating__stars"
      >
        <span
          style={
            Object {
              "width": "76%",
            }
          }
        />
        <span
          className="visually-hidden"
        >
          3.8
        </span>
      </div>
    </div>
    <p
      className="reviews__text"
    >
      123 3rfg432 54t4566 56457 5436er5 6456
    </p>
    <time
      className="reviews__time"
      dateTime="23-02-2020"
    >
      23-02-2020
    </time>
  </div>
</li>
`;
